[INFO] Scanning for projects...
[WARNING] 
[WARNING] Some problems were encountered while building the effective model for com.example:backend:jar:0.0.1-SNAPSHOT
[WARNING] 'dependencies.dependency.(groupId:artifactId:type:classifier)' must be unique: org.jetbrains.kotlin:kotlin-stdlib-jdk8:jar -> duplicate declaration of version ${kotlin.version} @ line 149, column 15
[WARNING] 
[WARNING] It is highly recommended to fix these problems because they threaten the stability of your build.
[WARNING] 
[WARNING] For this reason, future Maven versions might no longer support building such malformed projects.
[WARNING] 
[INFO] 
[INFO] ------------------------< com.example:backend >-------------------------
[INFO] Building project_20251_backend 0.0.1-SNAPSHOT
[INFO]   from pom.xml
[INFO] --------------------------------[ jar ]---------------------------------
[INFO] 
[INFO] --- jacoco:0.8.12:prepare-agent (prepare-agent) @ backend ---
[INFO] argLine set to "-javaagent:C:\\Users\\admin\\.m2\\repository\\org\\jacoco\\org.jacoco.agent\\0.8.12\\org.jacoco.agent-0.8.12-runtime.jar=destfile=E:\\Tran Quang Hung\\Class Prj\\BKPlatformVip-Serious-Final-Product\\BKPlatformVip-Serious-Final-Product\\backend\\target\\jacoco.exec"
[INFO] 
[INFO] --- resources:3.3.1:resources (default-resources) @ backend ---
[INFO] Copying 1 resource from src\main\resources to target\classes
[INFO] Copying 0 resource from src\main\resources to target\classes
[INFO] 
[INFO] --- kotlin:2.0.21:compile (compile) @ backend ---
[INFO] No sources to compile
[INFO] 
[INFO] --- compiler:3.11.0:compile (compile) @ backend ---
[INFO] Changes detected - recompiling the module! :source
[INFO] Compiling 141 source files with javac [debug release 21] to target\classes
[WARNING] /E:/Tran Quang Hung/Class Prj/BKPlatformVip-Serious-Final-Product/BKPlatformVip-Serious-Final-Product/backend/src/main/java/com/example/backend/entity/User.java:[41,19] @Builder will ignore the initializing expression entirely. If you want the initializing expression to serve as default, add @Builder.Default. If it is not supposed to be settable during building, make the field final.
[WARNING] /E:/Tran Quang Hung/Class Prj/BKPlatformVip-Serious-Final-Product/BKPlatformVip-Serious-Final-Product/backend/src/main/java/com/example/backend/entity/Order.java:[28,17] @Builder will ignore the initializing expression entirely. If you want the initializing expression to serve as default, add @Builder.Default. If it is not supposed to be settable during building, make the field final.
[WARNING] /E:/Tran Quang Hung/Class Prj/BKPlatformVip-Serious-Final-Product/BKPlatformVip-Serious-Final-Product/backend/src/main/java/com/example/backend/entity/Order.java:[30,27] @Builder will ignore the initializing expression entirely. If you want the initializing expression to serve as default, add @Builder.Default. If it is not supposed to be settable during building, make the field final.
[WARNING] /E:/Tran Quang Hung/Class Prj/BKPlatformVip-Serious-Final-Product/BKPlatformVip-Serious-Final-Product/backend/src/main/java/com/example/backend/entity/Order.java:[35,29] @Builder will ignore the initializing expression entirely. If you want the initializing expression to serve as default, add @Builder.Default. If it is not supposed to be settable during building, make the field final.
[WARNING] /E:/Tran Quang Hung/Class Prj/BKPlatformVip-Serious-Final-Product/BKPlatformVip-Serious-Final-Product/backend/src/main/java/com/example/backend/mapper/UserMapper.java:[14,10] Unmapped target properties: "userId, createdDate, shops, cart, orders, status".
[WARNING] /E:/Tran Quang Hung/Class Prj/BKPlatformVip-Serious-Final-Product/BKPlatformVip-Serious-Final-Product/backend/src/main/java/com/example/backend/mapper/UserMapper.java:[22,10] Unmapped target properties: "userId, username, createdDate, shops, cart, orders, status".
[WARNING] /E:/Tran Quang Hung/Class Prj/BKPlatformVip-Serious-Final-Product/BKPlatformVip-Serious-Final-Product/backend/src/main/java/com/example/backend/mapper/ProductMapper.java:[18,13] Unmapped target properties: "productId, shop, categories, images, status".
[WARNING] /E:/Tran Quang Hung/Class Prj/BKPlatformVip-Serious-Final-Product/BKPlatformVip-Serious-Final-Product/backend/src/main/java/com/example/backend/mapper/ProductMapper.java:[53,10] Unmapped target properties: "productId, status".
[WARNING] /E:/Tran Quang Hung/Class Prj/BKPlatformVip-Serious-Final-Product/BKPlatformVip-Serious-Final-Product/backend/src/main/java/com/example/backend/mapper/ShopMapper.java:[21,10] Unmapped target property: "status".
[WARNING] /E:/Tran Quang Hung/Class Prj/BKPlatformVip-Serious-Final-Product/BKPlatformVip-Serious-Final-Product/backend/src/main/java/com/example/backend/mapper/RoleMapper.java:[11,10] Unmapped target property: "users".
[WARNING] /E:/Tran Quang Hung/Class Prj/BKPlatformVip-Serious-Final-Product/BKPlatformVip-Serious-Final-Product/backend/src/main/java/com/example/backend/mapper/AddressMapper.java:[32,33] Unmapped target property: "addressId".
[WARNING] /E:/Tran Quang Hung/Class Prj/BKPlatformVip-Serious-Final-Product/BKPlatformVip-Serious-Final-Product/backend/src/main/java/com/example/backend/mapper/CategoryMapper.java:[14,14] Unmapped target properties: "categoryId, products".
[WARNING] /E:/Tran Quang Hung/Class Prj/BKPlatformVip-Serious-Final-Product/BKPlatformVip-Serious-Final-Product/backend/src/main/java/com/example/backend/mapper/CartItemMapper.java:[11,18] Unmapped target properties: "items, totalAmount".
[WARNING] Implicitly compiled files were not subject to annotation processing.
  Use -implicit to specify a policy for implicit compilation.
[INFO] /E:/Tran Quang Hung/Class Prj/BKPlatformVip-Serious-Final-Product/BKPlatformVip-Serious-Final-Product/backend/src/main/java/com/example/backend/service/ShippingService.java: E:\Tran Quang Hung\Class Prj\BKPlatformVip-Serious-Final-Product\BKPlatformVip-Serious-Final-Product\backend\src\main\java\com\example\backend\service\ShippingService.java uses unchecked or unsafe operations.
[INFO] /E:/Tran Quang Hung/Class Prj/BKPlatformVip-Serious-Final-Product/BKPlatformVip-Serious-Final-Product/backend/src/main/java/com/example/backend/service/ShippingService.java: Recompile with -Xlint:unchecked for details.
[INFO] 
[INFO] --- resources:3.3.1:testResources (default-testResources) @ backend ---
[INFO] Copying 1 resource from src\test\resources to target\test-classes
[INFO] 
[INFO] --- kotlin:2.0.21:test-compile (test-compile) @ backend ---
[INFO] No sources to compile
[INFO] 
[INFO] --- compiler:3.11.0:testCompile (testCompile) @ backend ---
[INFO] Changes detected - recompiling the module! :dependency
[INFO] Compiling 33 source files with javac [debug release 21] to target\test-classes
[INFO] 
[INFO] --- surefire:3.5.4:test (default-test) @ backend ---
[INFO] Using auto detected provider org.apache.maven.surefire.junitplatform.JUnitPlatformProvider
[INFO] 
[INFO] -------------------------------------------------------
[INFO]  T E S T S
[INFO] -------------------------------------------------------
[INFO] Running com.example.backend.integration.UserIntegrationTest
14:42:07.819 [main] INFO org.springframework.test.context.support.AnnotationConfigContextLoaderUtils -- Could not detect default configuration classes for test class [com.example.backend.integration.UserIntegrationTest]: UserIntegrationTest does not declare any static, non-private, non-final, nested classes annotated with @Configuration.
14:42:08.079 [main] INFO org.springframework.boot.test.context.SpringBootTestContextBootstrapper -- Found @SpringBootConfiguration com.example.backend.Project20251BackendApplication for test class com.example.backend.integration.UserIntegrationTest

  .   ____          _            __ _ _
 /\\ / ___'_ __ _ _(_)_ __  __ _ \ \ \ \
( ( )\___ | '_ | '_| | '_ \/ _` | \ \ \ \
 \\/  ___)| |_)| | | | | || (_| |  ) ) ) )
  '  |____| .__|_| |_|_| |_\__, | / / / /
 =========|_|==============|___/=/_/_/_/

 :: Spring Boot ::                (v3.5.7)

2026-01-15T14:42:08.879+07:00  INFO 13236 --- [project_20251_backend] [           main] c.e.b.integration.UserIntegrationTest    : Starting UserIntegrationTest using Java 21.0.9 with PID 13236 (started by admin in E:\Tran Quang Hung\Class Prj\BKPlatformVip-Serious-Final-Product\BKPlatformVip-Serious-Final-Product\backend)
2026-01-15T14:42:08.880+07:00  INFO 13236 --- [project_20251_backend] [           main] c.e.b.integration.UserIntegrationTest    : The following 1 profile is active: "test"
2026-01-15T14:42:10.631+07:00  INFO 13236 --- [project_20251_backend] [           main] .s.d.r.c.RepositoryConfigurationDelegate : Bootstrapping Spring Data JPA repositories in DEFAULT mode.
2026-01-15T14:42:10.812+07:00  INFO 13236 --- [project_20251_backend] [           main] .s.d.r.c.RepositoryConfigurationDelegate : Finished Spring Data repository scanning in 160 ms. Found 20 JPA repository interfaces.
2026-01-15T14:42:11.726+07:00  INFO 13236 --- [project_20251_backend] [           main] o.hibernate.jpa.internal.util.LogHelper  : HHH000204: Processing PersistenceUnitInfo [name: default]
2026-01-15T14:42:11.827+07:00  INFO 13236 --- [project_20251_backend] [           main] org.hibernate.Version                    : HHH000412: Hibernate ORM core version 6.6.33.Final
2026-01-15T14:42:11.879+07:00  INFO 13236 --- [project_20251_backend] [           main] o.h.c.internal.RegionFactoryInitiator    : HHH000026: Second-level cache disabled
2026-01-15T14:42:12.324+07:00  INFO 13236 --- [project_20251_backend] [           main] o.s.o.j.p.SpringPersistenceUnitInfo      : No LoadTimeWeaver setup: ignoring JPA class transformer
2026-01-15T14:42:12.377+07:00  INFO 13236 --- [project_20251_backend] [           main] com.zaxxer.hikari.HikariDataSource       : HikariPool-1 - Starting...
2026-01-15T14:42:13.762+07:00  INFO 13236 --- [project_20251_backend] [           main] com.zaxxer.hikari.pool.HikariPool        : HikariPool-1 - Added connection org.postgresql.jdbc.PgConnection@36df566
2026-01-15T14:42:13.781+07:00  INFO 13236 --- [project_20251_backend] [           main] com.zaxxer.hikari.HikariDataSource       : HikariPool-1 - Start completed.
2026-01-15T14:42:13.922+07:00  WARN 13236 --- [project_20251_backend] [           main] org.hibernate.orm.deprecation            : HHH90000025: PostgreSQLDialect does not need to be specified explicitly using 'hibernate.dialect' (remove the property setting and it will be selected by default)
2026-01-15T14:42:14.158+07:00  INFO 13236 --- [project_20251_backend] [           main] org.hibernate.orm.connections.pooling    : HHH10001005: Database info:
	Database JDBC URL [Connecting through datasource 'HikariDataSource (HikariPool-1)']
	Database driver: undefined/unknown
	Database version: 17.7
	Autocommit mode: undefined/unknown
	Isolation level: undefined/unknown
	Minimum pool size: undefined/unknown
	Maximum pool size: undefined/unknown
2026-01-15T14:42:16.536+07:00  INFO 13236 --- [project_20251_backend] [           main] o.h.e.t.j.p.i.JtaPlatformInitiator       : HHH000489: No JTA platform available (set 'hibernate.transaction.jta.platform' to enable JTA platform integration)
2026-01-15T14:42:22.838+07:00  INFO 13236 --- [project_20251_backend] [           main] j.LocalContainerEntityManagerFactoryBean : Initialized JPA EntityManagerFactory for persistence unit 'default'
2026-01-15T14:42:23.358+07:00  INFO 13236 --- [project_20251_backend] [           main] o.s.d.j.r.query.QueryEnhancerFactory     : Hibernate is in classpath; If applicable, HQL parser will be used.
2026-01-15T14:42:24.971+07:00  INFO 13236 --- [project_20251_backend] [           main] c.e.b.c.ApplicationInitConfig            : Initializing application.....
2026-01-15T14:42:25.186+07:00  WARN 13236 --- [project_20251_backend] [           main] JpaBaseConfiguration$JpaWebConfiguration : spring.jpa.open-in-view is enabled by default. Therefore, database queries may be performed during view rendering. Explicitly configure spring.jpa.open-in-view to disable this warning
2026-01-15T14:42:25.742+07:00  INFO 13236 --- [project_20251_backend] [           main] o.s.b.a.e.web.EndpointLinksResolver      : Exposing 1 endpoint beneath base path '/actuator'
2026-01-15T14:42:26.559+07:00  INFO 13236 --- [project_20251_backend] [           main] c.e.b.integration.UserIntegrationTest    : Started UserIntegrationTest in 18.177 seconds (process running for 20.348)
Hibernate: select r1_0.name,r1_0.description from role r1_0 where r1_0.name=?
Hibernate: select r1_0.name,r1_0.description from role r1_0 where r1_0.name=?
Hibernate: select u1_0.user_id,u1_0.address_id,u1_0.created_date,u1_0.email,u1_0.fullname,u1_0.password,u1_0.status,u1_0.username from users u1_0 where u1_0.username=?
Hibernate: select c1_0.id,c1_0.total_amount,c1_0.user_id from carts c1_0 where c1_0.user_id=?
2026-01-15T14:42:27.413+07:00  INFO 13236 --- [project_20251_backend] [           main] c.e.b.c.ApplicationInitConfig            : Application initialization completed ?
.\mvnw.cmd : Mockito is 
currently self-attaching to 
enable the 
inline-mock-maker. This will 
no longer work in future 
releases of the JDK. Please 
add Mockito as an agent to 
your build as described in 
Mockito's documentation: http
s://javadoc.io/doc/org.mockit
o/mockito-core/latest/org.moc
kito/org/mockito/Mockito.html
#0.3
At line:1 char:1
+ .\mvnw.cmd test 
-Dtest=UserIntegrationTest > 
test_output.txt 2>&1
+ ~~~~~~~~~~~~~~~~~~~~~~~~~~~
~~~~~~~~~~~~~~~~~~~~~~~~~~~~~
~~~~~~~~~
    + CategoryInfo           
   : NotSpecified: (Mockito  
   is curr...ockito.html#0   
 .3:String) [], RemoteExc    
eption
    + FullyQualifiedErrorId  
   : NativeCommandError
 
Java HotSpot(TM) 64-Bit 
Server VM warning: Sharing 
is only supported for boot 
loader classes because 
bootstrap classpath has been 
appended
WARNING: A Java agent has 
been loaded dynamically (C:\U
sers\admin\.m2\repository\net
\bytebuddy\byte-buddy-agent\1
.17.8\byte-buddy-agent-1.17.8
.jar)
WARNING: If a serviceability 
tool is in use, please run 
with -XX:+EnableDynamicAgentL
oading to hide this warning
WARNING: If a serviceability 
tool is not in use, please 
run with 
-Djdk.instrument.traceUsage 
for more information
WARNING: Dynamic loading of 
agents will be disallowed by 
default in a future release
Hibernate: delete from orders o1_0
2026-01-15T14:42:27.921+07:00  WARN 13236 --- [project_20251_backend] [           main] o.h.engine.jdbc.spi.SqlExceptionHelper   : SQL Error: 0, SQLState: 23503
2026-01-15T14:42:27.922+07:00 ERROR 13236 --- [project_20251_backend] [           main] o.h.engine.jdbc.spi.SqlExceptionHelper   : ERROR: update or delete on table "orders" violates foreign key constraint "fkbioxgbv59vetrxe0ejfubep1w" on table "order_items"
  Detail: Key (id)=(c806ee13-1583-4c0c-9271-342107e453df) is still referenced from table "order_items".
Hibernate: delete from orders o1_0
2026-01-15T14:42:28.170+07:00  WARN 13236 --- [project_20251_backend] [           main] o.h.engine.jdbc.spi.SqlExceptionHelper   : SQL Error: 0, SQLState: 23503
2026-01-15T14:42:28.170+07:00 ERROR 13236 --- [project_20251_backend] [           main] o.h.engine.jdbc.spi.SqlExceptionHelper   : ERROR: update or delete on table "orders" violates foreign key constraint "fkbioxgbv59vetrxe0ejfubep1w" on table "order_items"
  Detail: Key (id)=(c806ee13-1583-4c0c-9271-342107e453df) is still referenced from table "order_items".
Hibernate: delete from orders o1_0
2026-01-15T14:42:28.320+07:00  WARN 13236 --- [project_20251_backend] [           main] o.h.engine.jdbc.spi.SqlExceptionHelper   : SQL Error: 0, SQLState: 23503
2026-01-15T14:42:28.320+07:00 ERROR 13236 --- [project_20251_backend] [           main] o.h.engine.jdbc.spi.SqlExceptionHelper   : ERROR: update or delete on table "orders" violates foreign key constraint "fkbioxgbv59vetrxe0ejfubep1w" on table "order_items"
  Detail: Key (id)=(c806ee13-1583-4c0c-9271-342107e453df) is still referenced from table "order_items".
Hibernate: delete from orders o1_0
2026-01-15T14:42:28.467+07:00  WARN 13236 --- [project_20251_backend] [           main] o.h.engine.jdbc.spi.SqlExceptionHelper   : SQL Error: 0, SQLState: 23503
2026-01-15T14:42:28.467+07:00 ERROR 13236 --- [project_20251_backend] [           main] o.h.engine.jdbc.spi.SqlExceptionHelper   : ERROR: update or delete on table "orders" violates foreign key constraint "fkbioxgbv59vetrxe0ejfubep1w" on table "order_items"
  Detail: Key (id)=(c806ee13-1583-4c0c-9271-342107e453df) is still referenced from table "order_items".
[ERROR] Tests run: 4, Failures: 0, Errors: 4, Skipped: 0, Time elapsed: 21.07 s <<< FAILURE! -- in com.example.backend.integration.UserIntegrationTest
[ERROR] com.example.backend.integration.UserIntegrationTest.createMultipleUsers_thenGetAllUsers_shouldReturnAll -- Time elapsed: 0.653 s <<< ERROR!
org.springframework.dao.DataIntegrityViolationException: 
JDBC exception executing SQL [delete from orders o1_0] [ERROR: update or delete on table "orders" violates foreign key constraint "fkbioxgbv59vetrxe0ejfubep1w" on table "order_items"
  Detail: Key (id)=(c806ee13-1583-4c0c-9271-342107e453df) is still referenced from table "order_items".] [n/a]; SQL [n/a]; constraint [fkbioxgbv59vetrxe0ejfubep1w]
	at org.springframework.orm.jpa.vendor.HibernateJpaDialect.convertHibernateAccessException(HibernateJpaDialect.java:294)
	at org.springframework.orm.jpa.vendor.HibernateJpaDialect.convertHibernateAccessException(HibernateJpaDialect.java:256)
	at org.springframework.orm.jpa.vendor.HibernateJpaDialect.translateExceptionIfPossible(HibernateJpaDialect.java:241)
	at org.springframework.orm.jpa.AbstractEntityManagerFactoryBean.translateExceptionIfPossible(AbstractEntityManagerFactoryBean.java:560)
	at org.springframework.dao.support.ChainedPersistenceExceptionTranslator.translateExceptionIfPossible(ChainedPersistenceExceptionTranslator.java:61)
	at org.springframework.dao.support.DataAccessUtils.translateIfNecessary(DataAccessUtils.java:343)
	at org.springframework.dao.support.PersistenceExceptionTranslationInterceptor.invoke(PersistenceExceptionTranslationInterceptor.java:160)
	at org.springframework.aop.framework.ReflectiveMethodInvocation.proceed(ReflectiveMethodInvocation.java:184)
	at org.springframework.data.jpa.repository.support.CrudMethodMetadataPostProcessor$CrudMethodMetadataPopulatingMethodInterceptor.invoke(CrudMethodMetadataPostProcessor.java:165)
	at org.springframework.aop.framework.ReflectiveMethodInvocation.proceed(ReflectiveMethodInvocation.java:184)
	at org.springframework.aop.framework.JdkDynamicAopProxy.invoke(JdkDynamicAopProxy.java:223)
	at jdk.proxy2/jdk.proxy2.$Proxy182.deleteAllInBatch(Unknown Source)
	at com.example.backend.integration.UserIntegrationTest.setUp(UserIntegrationTest.java:58)
	at java.base/java.lang.reflect.Method.invoke(Method.java:580)
	at java.base/java.util.ArrayList.forEach(ArrayList.java:1596)
	at java.base/java.util.ArrayList.forEach(ArrayList.java:1596)
Caused by: org.hibernate.exception.ConstraintViolationException: JDBC exception executing SQL [delete from orders o1_0] [ERROR: update or delete on table "orders" violates foreign key constraint "fkbioxgbv59vetrxe0ejfubep1w" on table "order_items"
  Detail: Key (id)=(c806ee13-1583-4c0c-9271-342107e453df) is still referenced from table "order_items".] [n/a]
	at org.hibernate.exception.internal.SQLStateConversionDelegate.convert(SQLStateConversionDelegate.java:97)
	at org.hibernate.exception.internal.StandardSQLExceptionConverter.convert(StandardSQLExceptionConverter.java:58)
	at org.hibernate.engine.jdbc.spi.SqlExceptionHelper.convert(SqlExceptionHelper.java:108)
	at org.hibernate.engine.jdbc.spi.SqlExceptionHelper.convert(SqlExceptionHelper.java:94)
	at org.hibernate.sql.exec.internal.StandardJdbcMutationExecutor.execute(StandardJdbcMutationExecutor.java:104)
	at org.hibernate.query.sqm.internal.SimpleDeleteQueryPlan.executeUpdate(SimpleDeleteQueryPlan.java:187)
	at org.hibernate.query.sqm.internal.QuerySqmImpl.doExecuteUpdate(QuerySqmImpl.java:521)
	at org.hibernate.query.sqm.internal.QuerySqmImpl.executeUpdate(QuerySqmImpl.java:493)
	at org.springframework.data.jpa.repository.support.SimpleJpaRepository.deleteAllInBatch(SimpleJpaRepository.java:317)
	at java.base/jdk.internal.reflect.DirectMethodHandleAccessor.invoke(DirectMethodHandleAccessor.java:103)
	at java.base/java.lang.reflect.Method.invoke(Method.java:580)
	at org.springframework.aop.support.AopUtils.invokeJoinpointUsingReflection(AopUtils.java:360)
	at org.springframework.data.repository.core.support.RepositoryMethodInvoker$RepositoryFragmentMethodInvoker.lambda$new$0(RepositoryMethodInvoker.java:277)
	at org.springframework.data.repository.core.support.RepositoryMethodInvoker.doInvoke(RepositoryMethodInvoker.java:170)
	at org.springframework.data.repository.core.support.RepositoryMethodInvoker.invoke(RepositoryMethodInvoker.java:158)
	at org.springframework.data.repository.core.support.RepositoryComposition$RepositoryFragments.invoke(RepositoryComposition.java:515)
	at org.springframework.data.repository.core.support.RepositoryComposition.invoke(RepositoryComposition.java:284)
	at org.springframework.data.repository.core.support.RepositoryFactorySupport$ImplementationMethodExecutionInterceptor.invoke(RepositoryFactorySupport.java:734)
	at org.springframework.aop.framework.ReflectiveMethodInvocation.proceed(ReflectiveMethodInvocation.java:184)
	at org.springframework.data.repository.core.support.QueryExecutorMethodInterceptor.doInvoke(QueryExecutorMethodInterceptor.java:174)
	at org.springframework.data.repository.core.support.QueryExecutorMethodInterceptor.invoke(QueryExecutorMethodInterceptor.java:149)
	at org.springframework.aop.framework.ReflectiveMethodInvocation.proceed(ReflectiveMethodInvocation.java:184)
	at org.springframework.data.projection.DefaultMethodInvokingMethodInterceptor.invoke(DefaultMethodInvokingMethodInterceptor.java:69)
	at org.springframework.aop.framework.ReflectiveMethodInvocation.proceed(ReflectiveMethodInvocation.java:184)
	at org.springframework.transaction.interceptor.TransactionAspectSupport.invokeWithinTransaction(TransactionAspectSupport.java:380)
	at org.springframework.transaction.interceptor.TransactionInterceptor.invoke(TransactionInterceptor.java:119)
	at org.springframework.aop.framework.ReflectiveMethodInvocation.proceed(ReflectiveMethodInvocation.java:184)
	at org.springframework.dao.support.PersistenceExceptionTranslationInterceptor.invoke(PersistenceExceptionTranslationInterceptor.java:138)
	... 9 more
Caused by: org.postgresql.util.PSQLException: ERROR: update or delete on table "orders" violates foreign key constraint "fkbioxgbv59vetrxe0ejfubep1w" on table "order_items"
  Detail: Key (id)=(c806ee13-1583-4c0c-9271-342107e453df) is still referenced from table "order_items".
	at org.postgresql.core.v3.QueryExecutorImpl.receiveErrorResponse(QueryExecutorImpl.java:2736)
	at org.postgresql.core.v3.QueryExecutorImpl.processResults(QueryExecutorImpl.java:2421)
	at org.postgresql.core.v3.QueryExecutorImpl.execute(QueryExecutorImpl.java:372)
	at org.postgresql.jdbc.PgStatement.executeInternal(PgStatement.java:525)
	at org.postgresql.jdbc.PgStatement.execute(PgStatement.java:435)
	at org.postgresql.jdbc.PgPreparedStatement.executeWithFlags(PgPreparedStatement.java:196)
	at org.postgresql.jdbc.PgPreparedStatement.executeUpdate(PgPreparedStatement.java:157)
	at com.zaxxer.hikari.pool.ProxyPreparedStatement.executeUpdate(ProxyPreparedStatement.java:61)
	at com.zaxxer.hikari.pool.HikariProxyPreparedStatement.executeUpdate(HikariProxyPreparedStatement.java)
	at org.hibernate.sql.exec.internal.StandardJdbcMutationExecutor.execute(StandardJdbcMutationExecutor.java:90)
	... 32 more

[ERROR] com.example.backend.integration.UserIntegrationTest.createUser_thenDeleteUser_shouldRemoveFromDatabase -- Time elapsed: 0.146 s <<< ERROR!
org.springframework.dao.DataIntegrityViolationException: 
JDBC exception executing SQL [delete from orders o1_0] [ERROR: update or delete on table "orders" violates foreign key constraint "fkbioxgbv59vetrxe0ejfubep1w" on table "order_items"
  Detail: Key (id)=(c806ee13-1583-4c0c-9271-342107e453df) is still referenced from table "order_items".] [n/a]; SQL [n/a]; constraint [fkbioxgbv59vetrxe0ejfubep1w]
	at org.springframework.orm.jpa.vendor.HibernateJpaDialect.convertHibernateAccessException(HibernateJpaDialect.java:294)
	at org.springframework.orm.jpa.vendor.HibernateJpaDialect.convertHibernateAccessException(HibernateJpaDialect.java:256)
	at org.springframework.orm.jpa.vendor.HibernateJpaDialect.translateExceptionIfPossible(HibernateJpaDialect.java:241)
	at org.springframework.orm.jpa.AbstractEntityManagerFactoryBean.translateExceptionIfPossible(AbstractEntityManagerFactoryBean.java:560)
	at org.springframework.dao.support.ChainedPersistenceExceptionTranslator.translateExceptionIfPossible(ChainedPersistenceExceptionTranslator.java:61)
	at org.springframework.dao.support.DataAccessUtils.translateIfNecessary(DataAccessUtils.java:343)
	at org.springframework.dao.support.PersistenceExceptionTranslationInterceptor.invoke(PersistenceExceptionTranslationInterceptor.java:160)
	at org.springframework.aop.framework.ReflectiveMethodInvocation.proceed(ReflectiveMethodInvocation.java:184)
	at org.springframework.data.jpa.repository.support.CrudMethodMetadataPostProcessor$CrudMethodMetadataPopulatingMethodInterceptor.invoke(CrudMethodMetadataPostProcessor.java:165)
	at org.springframework.aop.framework.ReflectiveMethodInvocation.proceed(ReflectiveMethodInvocation.java:184)
	at org.springframework.aop.framework.JdkDynamicAopProxy.invoke(JdkDynamicAopProxy.java:223)
	at jdk.proxy2/jdk.proxy2.$Proxy182.deleteAllInBatch(Unknown Source)
	at com.example.backend.integration.UserIntegrationTest.setUp(UserIntegrationTest.java:58)
	at java.base/java.lang.reflect.Method.invoke(Method.java:580)
	at java.base/java.util.ArrayList.forEach(ArrayList.java:1596)
	at java.base/java.util.ArrayList.forEach(ArrayList.java:1596)
Caused by: org.hibernate.exception.ConstraintViolationException: JDBC exception executing SQL [delete from orders o1_0] [ERROR: update or delete on table "orders" violates foreign key constraint "fkbioxgbv59vetrxe0ejfubep1w" on table "order_items"
  Detail: Key (id)=(c806ee13-1583-4c0c-9271-342107e453df) is still referenced from table "order_items".] [n/a]
	at org.hibernate.exception.internal.SQLStateConversionDelegate.convert(SQLStateConversionDelegate.java:97)
	at org.hibernate.exception.internal.StandardSQLExceptionConverter.convert(StandardSQLExceptionConverter.java:58)
	at org.hibernate.engine.jdbc.spi.SqlExceptionHelper.convert(SqlExceptionHelper.java:108)
	at org.hibernate.engine.jdbc.spi.SqlExceptionHelper.convert(SqlExceptionHelper.java:94)
	at org.hibernate.sql.exec.internal.StandardJdbcMutationExecutor.execute(StandardJdbcMutationExecutor.java:104)
	at org.hibernate.query.sqm.internal.SimpleDeleteQueryPlan.executeUpdate(SimpleDeleteQueryPlan.java:187)
	at org.hibernate.query.sqm.internal.QuerySqmImpl.doExecuteUpdate(QuerySqmImpl.java:521)
	at org.hibernate.query.sqm.internal.QuerySqmImpl.executeUpdate(QuerySqmImpl.java:493)
	at org.springframework.data.jpa.repository.support.SimpleJpaRepository.deleteAllInBatch(SimpleJpaRepository.java:317)
	at java.base/jdk.internal.reflect.DirectMethodHandleAccessor.invoke(DirectMethodHandleAccessor.java:103)
	at java.base/java.lang.reflect.Method.invoke(Method.java:580)
	at org.springframework.aop.support.AopUtils.invokeJoinpointUsingReflection(AopUtils.java:360)
	at org.springframework.data.repository.core.support.RepositoryMethodInvoker$RepositoryFragmentMethodInvoker.lambda$new$0(RepositoryMethodInvoker.java:277)
	at org.springframework.data.repository.core.support.RepositoryMethodInvoker.doInvoke(RepositoryMethodInvoker.java:170)
	at org.springframework.data.repository.core.support.RepositoryMethodInvoker.invoke(RepositoryMethodInvoker.java:158)
	at org.springframework.data.repository.core.support.RepositoryComposition$RepositoryFragments.invoke(RepositoryComposition.java:515)
	at org.springframework.data.repository.core.support.RepositoryComposition.invoke(RepositoryComposition.java:284)
	at org.springframework.data.repository.core.support.RepositoryFactorySupport$ImplementationMethodExecutionInterceptor.invoke(RepositoryFactorySupport.java:734)
	at org.springframework.aop.framework.ReflectiveMethodInvocation.proceed(ReflectiveMethodInvocation.java:184)
	at org.springframework.data.repository.core.support.QueryExecutorMethodInterceptor.doInvoke(QueryExecutorMethodInterceptor.java:174)
	at org.springframework.data.repository.core.support.QueryExecutorMethodInterceptor.invoke(QueryExecutorMethodInterceptor.java:149)
	at org.springframework.aop.framework.ReflectiveMethodInvocation.proceed(ReflectiveMethodInvocation.java:184)
	at org.springframework.data.projection.DefaultMethodInvokingMethodInterceptor.invoke(DefaultMethodInvokingMethodInterceptor.java:69)
	at org.springframework.aop.framework.ReflectiveMethodInvocation.proceed(ReflectiveMethodInvocation.java:184)
	at org.springframework.transaction.interceptor.TransactionAspectSupport.invokeWithinTransaction(TransactionAspectSupport.java:380)
	at org.springframework.transaction.interceptor.TransactionInterceptor.invoke(TransactionInterceptor.java:119)
	at org.springframework.aop.framework.ReflectiveMethodInvocation.proceed(ReflectiveMethodInvocation.java:184)
	at org.springframework.dao.support.PersistenceExceptionTranslationInterceptor.invoke(PersistenceExceptionTranslationInterceptor.java:138)
	... 9 more
Caused by: org.postgresql.util.PSQLException: ERROR: update or delete on table "orders" violates foreign key constraint "fkbioxgbv59vetrxe0ejfubep1w" on table "order_items"
  Detail: Key (id)=(c806ee13-1583-4c0c-9271-342107e453df) is still referenced from table "order_items".
	at org.postgresql.core.v3.QueryExecutorImpl.receiveErrorResponse(QueryExecutorImpl.java:2736)
	at org.postgresql.core.v3.QueryExecutorImpl.processResults(QueryExecutorImpl.java:2421)
	at org.postgresql.core.v3.QueryExecutorImpl.execute(QueryExecutorImpl.java:372)
	at org.postgresql.jdbc.PgStatement.executeInternal(PgStatement.java:525)
	at org.postgresql.jdbc.PgStatement.execute(PgStatement.java:435)
	at org.postgresql.jdbc.PgPreparedStatement.executeWithFlags(PgPreparedStatement.java:196)
	at org.postgresql.jdbc.PgPreparedStatement.executeUpdate(PgPreparedStatement.java:157)
	at com.zaxxer.hikari.pool.ProxyPreparedStatement.executeUpdate(ProxyPreparedStatement.java:61)
	at com.zaxxer.hikari.pool.HikariProxyPreparedStatement.executeUpdate(HikariProxyPreparedStatement.java)
	at org.hibernate.sql.exec.internal.StandardJdbcMutationExecutor.execute(StandardJdbcMutationExecutor.java:90)
	... 32 more

[ERROR] com.example.backend.integration.UserIntegrationTest.createUser_thenGetUser_shouldReturnUser -- Time elapsed: 0.145 s <<< ERROR!
org.springframework.dao.DataIntegrityViolationException: 
JDBC exception executing SQL [delete from orders o1_0] [ERROR: update or delete on table "orders" violates foreign key constraint "fkbioxgbv59vetrxe0ejfubep1w" on table "order_items"
  Detail: Key (id)=(c806ee13-1583-4c0c-9271-342107e453df) is still referenced from table "order_items".] [n/a]; SQL [n/a]; constraint [fkbioxgbv59vetrxe0ejfubep1w]
	at org.springframework.orm.jpa.vendor.HibernateJpaDialect.convertHibernateAccessException(HibernateJpaDialect.java:294)
	at org.springframework.orm.jpa.vendor.HibernateJpaDialect.convertHibernateAccessException(HibernateJpaDialect.java:256)
	at org.springframework.orm.jpa.vendor.HibernateJpaDialect.translateExceptionIfPossible(HibernateJpaDialect.java:241)
	at org.springframework.orm.jpa.AbstractEntityManagerFactoryBean.translateExceptionIfPossible(AbstractEntityManagerFactoryBean.java:560)
	at org.springframework.dao.support.ChainedPersistenceExceptionTranslator.translateExceptionIfPossible(ChainedPersistenceExceptionTranslator.java:61)
	at org.springframework.dao.support.DataAccessUtils.translateIfNecessary(DataAccessUtils.java:343)
	at org.springframework.dao.support.PersistenceExceptionTranslationInterceptor.invoke(PersistenceExceptionTranslationInterceptor.java:160)
	at org.springframework.aop.framework.ReflectiveMethodInvocation.proceed(ReflectiveMethodInvocation.java:184)
	at org.springframework.data.jpa.repository.support.CrudMethodMetadataPostProcessor$CrudMethodMetadataPopulatingMethodInterceptor.invoke(CrudMethodMetadataPostProcessor.java:165)
	at org.springframework.aop.framework.ReflectiveMethodInvocation.proceed(ReflectiveMethodInvocation.java:184)
	at org.springframework.aop.framework.JdkDynamicAopProxy.invoke(JdkDynamicAopProxy.java:223)
	at jdk.proxy2/jdk.proxy2.$Proxy182.deleteAllInBatch(Unknown Source)
	at com.example.backend.integration.UserIntegrationTest.setUp(UserIntegrationTest.java:58)
	at java.base/java.lang.reflect.Method.invoke(Method.java:580)
	at java.base/java.util.ArrayList.forEach(ArrayList.java:1596)
	at java.base/java.util.ArrayList.forEach(ArrayList.java:1596)
Caused by: org.hibernate.exception.ConstraintViolationException: JDBC exception executing SQL [delete from orders o1_0] [ERROR: update or delete on table "orders" violates foreign key constraint "fkbioxgbv59vetrxe0ejfubep1w" on table "order_items"
  Detail: Key (id)=(c806ee13-1583-4c0c-9271-342107e453df) is still referenced from table "order_items".] [n/a]
	at org.hibernate.exception.internal.SQLStateConversionDelegate.convert(SQLStateConversionDelegate.java:97)
	at org.hibernate.exception.internal.StandardSQLExceptionConverter.convert(StandardSQLExceptionConverter.java:58)
	at org.hibernate.engine.jdbc.spi.SqlExceptionHelper.convert(SqlExceptionHelper.java:108)
	at org.hibernate.engine.jdbc.spi.SqlExceptionHelper.convert(SqlExceptionHelper.java:94)
	at org.hibernate.sql.exec.internal.StandardJdbcMutationExecutor.execute(StandardJdbcMutationExecutor.java:104)
	at org.hibernate.query.sqm.internal.SimpleDeleteQueryPlan.executeUpdate(SimpleDeleteQueryPlan.java:187)
	at org.hibernate.query.sqm.internal.QuerySqmImpl.doExecuteUpdate(QuerySqmImpl.java:521)
	at org.hibernate.query.sqm.internal.QuerySqmImpl.executeUpdate(QuerySqmImpl.java:493)
	at org.springframework.data.jpa.repository.support.SimpleJpaRepository.deleteAllInBatch(SimpleJpaRepository.java:317)
	at java.base/jdk.internal.reflect.DirectMethodHandleAccessor.invoke(DirectMethodHandleAccessor.java:103)
	at java.base/java.lang.reflect.Method.invoke(Method.java:580)
	at org.springframework.aop.support.AopUtils.invokeJoinpointUsingReflection(AopUtils.java:360)
	at org.springframework.data.repository.core.support.RepositoryMethodInvoker$RepositoryFragmentMethodInvoker.lambda$new$0(RepositoryMethodInvoker.java:277)
	at org.springframework.data.repository.core.support.RepositoryMethodInvoker.doInvoke(RepositoryMethodInvoker.java:170)
	at org.springframework.data.repository.core.support.RepositoryMethodInvoker.invoke(RepositoryMethodInvoker.java:158)
	at org.springframework.data.repository.core.support.RepositoryComposition$RepositoryFragments.invoke(RepositoryComposition.java:515)
	at org.springframework.data.repository.core.support.RepositoryComposition.invoke(RepositoryComposition.java:284)
	at org.springframework.data.repository.core.support.RepositoryFactorySupport$ImplementationMethodExecutionInterceptor.invoke(RepositoryFactorySupport.java:734)
	at org.springframework.aop.framework.ReflectiveMethodInvocation.proceed(ReflectiveMethodInvocation.java:184)
	at org.springframework.data.repository.core.support.QueryExecutorMethodInterceptor.doInvoke(QueryExecutorMethodInterceptor.java:174)
	at org.springframework.data.repository.core.support.QueryExecutorMethodInterceptor.invoke(QueryExecutorMethodInterceptor.java:149)
	at org.springframework.aop.framework.ReflectiveMethodInvocation.proceed(ReflectiveMethodInvocation.java:184)
	at org.springframework.data.projection.DefaultMethodInvokingMethodInterceptor.invoke(DefaultMethodInvokingMethodInterceptor.java:69)
	at org.springframework.aop.framework.ReflectiveMethodInvocation.proceed(ReflectiveMethodInvocation.java:184)
	at org.springframework.transaction.interceptor.TransactionAspectSupport.invokeWithinTransaction(TransactionAspectSupport.java:380)
	at org.springframework.transaction.interceptor.TransactionInterceptor.invoke(TransactionInterceptor.java:119)
	at org.springframework.aop.framework.ReflectiveMethodInvocation.proceed(ReflectiveMethodInvocation.java:184)
	at org.springframework.dao.support.PersistenceExceptionTranslationInterceptor.invoke(PersistenceExceptionTranslationInterceptor.java:138)
	... 9 more
Caused by: org.postgresql.util.PSQLException: ERROR: update or delete on table "orders" violates foreign key constraint "fkbioxgbv59vetrxe0ejfubep1w" on table "order_items"
  Detail: Key (id)=(c806ee13-1583-4c0c-9271-342107e453df) is still referenced from table "order_items".
	at org.postgresql.core.v3.QueryExecutorImpl.receiveErrorResponse(QueryExecutorImpl.java:2736)
	at org.postgresql.core.v3.QueryExecutorImpl.processResults(QueryExecutorImpl.java:2421)
	at org.postgresql.core.v3.QueryExecutorImpl.execute(QueryExecutorImpl.java:372)
	at org.postgresql.jdbc.PgStatement.executeInternal(PgStatement.java:525)
	at org.postgresql.jdbc.PgStatement.execute(PgStatement.java:435)
	at org.postgresql.jdbc.PgPreparedStatement.executeWithFlags(PgPreparedStatement.java:196)
	at org.postgresql.jdbc.PgPreparedStatement.executeUpdate(PgPreparedStatement.java:157)
	at com.zaxxer.hikari.pool.ProxyPreparedStatement.executeUpdate(ProxyPreparedStatement.java:61)
	at com.zaxxer.hikari.pool.HikariProxyPreparedStatement.executeUpdate(HikariProxyPreparedStatement.java)
	at org.hibernate.sql.exec.internal.StandardJdbcMutationExecutor.execute(StandardJdbcMutationExecutor.java:90)
	... 32 more

[ERROR] com.example.backend.integration.UserIntegrationTest.createUser_thenUpdateUser_shouldUpdateInDatabase -- Time elapsed: 0.144 s <<< ERROR!
org.springframework.dao.DataIntegrityViolationException: 
JDBC exception executing SQL [delete from orders o1_0] [ERROR: update or delete on table "orders" violates foreign key constraint "fkbioxgbv59vetrxe0ejfubep1w" on table "order_items"
  Detail: Key (id)=(c806ee13-1583-4c0c-9271-342107e453df) is still referenced from table "order_items".] [n/a]; SQL [n/a]; constraint [fkbioxgbv59vetrxe0ejfubep1w]
	at org.springframework.orm.jpa.vendor.HibernateJpaDialect.convertHibernateAccessException(HibernateJpaDialect.java:294)
	at org.springframework.orm.jpa.vendor.HibernateJpaDialect.convertHibernateAccessException(HibernateJpaDialect.java:256)
	at org.springframework.orm.jpa.vendor.HibernateJpaDialect.translateExceptionIfPossible(HibernateJpaDialect.java:241)
	at org.springframework.orm.jpa.AbstractEntityManagerFactoryBean.translateExceptionIfPossible(AbstractEntityManagerFactoryBean.java:560)
	at org.springframework.dao.support.ChainedPersistenceExceptionTranslator.translateExceptionIfPossible(ChainedPersistenceExceptionTranslator.java:61)
	at org.springframework.dao.support.DataAccessUtils.translateIfNecessary(DataAccessUtils.java:343)
	at org.springframework.dao.support.PersistenceExceptionTranslationInterceptor.invoke(PersistenceExceptionTranslationInterceptor.java:160)
	at org.springframework.aop.framework.ReflectiveMethodInvocation.proceed(ReflectiveMethodInvocation.java:184)
	at org.springframework.data.jpa.repository.support.CrudMethodMetadataPostProcessor$CrudMethodMetadataPopulatingMethodInterceptor.invoke(CrudMethodMetadataPostProcessor.java:165)
	at org.springframework.aop.framework.ReflectiveMethodInvocation.proceed(ReflectiveMethodInvocation.java:184)
	at org.springframework.aop.framework.JdkDynamicAopProxy.invoke(JdkDynamicAopProxy.java:223)
	at jdk.proxy2/jdk.proxy2.$Proxy182.deleteAllInBatch(Unknown Source)
	at com.example.backend.integration.UserIntegrationTest.setUp(UserIntegrationTest.java:58)
	at java.base/java.lang.reflect.Method.invoke(Method.java:580)
	at java.base/java.util.ArrayList.forEach(ArrayList.java:1596)
	at java.base/java.util.ArrayList.forEach(ArrayList.java:1596)
Caused by: org.hibernate.exception.ConstraintViolationException: JDBC exception executing SQL [delete from orders o1_0] [ERROR: update or delete on table "orders" violates foreign key constraint "fkbioxgbv59vetrxe0ejfubep1w" on table "order_items"
  Detail: Key (id)=(c806ee13-1583-4c0c-9271-342107e453df) is still referenced from table "order_items".] [n/a]
	at org.hibernate.exception.internal.SQLStateConversionDelegate.convert(SQLStateConversionDelegate.java:97)
	at org.hibernate.exception.internal.StandardSQLExceptionConverter.convert(StandardSQLExceptionConverter.java:58)
	at org.hibernate.engine.jdbc.spi.SqlExceptionHelper.convert(SqlExceptionHelper.java:108)
	at org.hibernate.engine.jdbc.spi.SqlExceptionHelper.convert(SqlExceptionHelper.java:94)
	at org.hibernate.sql.exec.internal.StandardJdbcMutationExecutor.execute(StandardJdbcMutationExecutor.java:104)
	at org.hibernate.query.sqm.internal.SimpleDeleteQueryPlan.executeUpdate(SimpleDeleteQueryPlan.java:187)
	at org.hibernate.query.sqm.internal.QuerySqmImpl.doExecuteUpdate(QuerySqmImpl.java:521)
	at org.hibernate.query.sqm.internal.QuerySqmImpl.executeUpdate(QuerySqmImpl.java:493)
	at org.springframework.data.jpa.repository.support.SimpleJpaRepository.deleteAllInBatch(SimpleJpaRepository.java:317)
	at java.base/jdk.internal.reflect.DirectMethodHandleAccessor.invoke(DirectMethodHandleAccessor.java:103)
	at java.base/java.lang.reflect.Method.invoke(Method.java:580)
	at org.springframework.aop.support.AopUtils.invokeJoinpointUsingReflection(AopUtils.java:360)
	at org.springframework.data.repository.core.support.RepositoryMethodInvoker$RepositoryFragmentMethodInvoker.lambda$new$0(RepositoryMethodInvoker.java:277)
	at org.springframework.data.repository.core.support.RepositoryMethodInvoker.doInvoke(RepositoryMethodInvoker.java:170)
	at org.springframework.data.repository.core.support.RepositoryMethodInvoker.invoke(RepositoryMethodInvoker.java:158)
	at org.springframework.data.repository.core.support.RepositoryComposition$RepositoryFragments.invoke(RepositoryComposition.java:515)
	at org.springframework.data.repository.core.support.RepositoryComposition.invoke(RepositoryComposition.java:284)
	at org.springframework.data.repository.core.support.RepositoryFactorySupport$ImplementationMethodExecutionInterceptor.invoke(RepositoryFactorySupport.java:734)
	at org.springframework.aop.framework.ReflectiveMethodInvocation.proceed(ReflectiveMethodInvocation.java:184)
	at org.springframework.data.repository.core.support.QueryExecutorMethodInterceptor.doInvoke(QueryExecutorMethodInterceptor.java:174)
	at org.springframework.data.repository.core.support.QueryExecutorMethodInterceptor.invoke(QueryExecutorMethodInterceptor.java:149)
	at org.springframework.aop.framework.ReflectiveMethodInvocation.proceed(ReflectiveMethodInvocation.java:184)
	at org.springframework.data.projection.DefaultMethodInvokingMethodInterceptor.invoke(DefaultMethodInvokingMethodInterceptor.java:69)
	at org.springframework.aop.framework.ReflectiveMethodInvocation.proceed(ReflectiveMethodInvocation.java:184)
	at org.springframework.transaction.interceptor.TransactionAspectSupport.invokeWithinTransaction(TransactionAspectSupport.java:380)
	at org.springframework.transaction.interceptor.TransactionInterceptor.invoke(TransactionInterceptor.java:119)
	at org.springframework.aop.framework.ReflectiveMethodInvocation.proceed(ReflectiveMethodInvocation.java:184)
	at org.springframework.dao.support.PersistenceExceptionTranslationInterceptor.invoke(PersistenceExceptionTranslationInterceptor.java:138)
	... 9 more
Caused by: org.postgresql.util.PSQLException: ERROR: update or delete on table "orders" violates foreign key constraint "fkbioxgbv59vetrxe0ejfubep1w" on table "order_items"
  Detail: Key (id)=(c806ee13-1583-4c0c-9271-342107e453df) is still referenced from table "order_items".
	at org.postgresql.core.v3.QueryExecutorImpl.receiveErrorResponse(QueryExecutorImpl.java:2736)
	at org.postgresql.core.v3.QueryExecutorImpl.processResults(QueryExecutorImpl.java:2421)
	at org.postgresql.core.v3.QueryExecutorImpl.execute(QueryExecutorImpl.java:372)
	at org.postgresql.jdbc.PgStatement.executeInternal(PgStatement.java:525)
	at org.postgresql.jdbc.PgStatement.execute(PgStatement.java:435)
	at org.postgresql.jdbc.PgPreparedStatement.executeWithFlags(PgPreparedStatement.java:196)
	at org.postgresql.jdbc.PgPreparedStatement.executeUpdate(PgPreparedStatement.java:157)
	at com.zaxxer.hikari.pool.ProxyPreparedStatement.executeUpdate(ProxyPreparedStatement.java:61)
	at com.zaxxer.hikari.pool.HikariProxyPreparedStatement.executeUpdate(HikariProxyPreparedStatement.java)
	at org.hibernate.sql.exec.internal.StandardJdbcMutationExecutor.execute(StandardJdbcMutationExecutor.java:90)
	... 32 more

[INFO] 
[INFO] Results:
[INFO] 
[ERROR] Errors: 
[ERROR]   UserIntegrationTest.setUp:58 ╗ DataIntegrityViolation JDBC exception executing SQL [delete from orders o1_0] [ERROR: update or delete on table "orders" violates foreign key constraint "fkbioxgbv59vetrxe0ejfubep1w" on table "order_items"
  Detail: Key (id)=(c806ee13-1583-4c0c-9271-342107e453df) is still referenced from table "order_items".] [n/a]; SQL [n/a]; constraint [fkbioxgbv59vetrxe0ejfubep1w]
[ERROR]   UserIntegrationTest.setUp:58 ╗ DataIntegrityViolation JDBC exception executing SQL [delete from orders o1_0] [ERROR: update or delete on table "orders" violates foreign key constraint "fkbioxgbv59vetrxe0ejfubep1w" on table "order_items"
  Detail: Key (id)=(c806ee13-1583-4c0c-9271-342107e453df) is still referenced from table "order_items".] [n/a]; SQL [n/a]; constraint [fkbioxgbv59vetrxe0ejfubep1w]
[ERROR]   UserIntegrationTest.setUp:58 ╗ DataIntegrityViolation JDBC exception executing SQL [delete from orders o1_0] [ERROR: update or delete on table "orders" violates foreign key constraint "fkbioxgbv59vetrxe0ejfubep1w" on table "order_items"
  Detail: Key (id)=(c806ee13-1583-4c0c-9271-342107e453df) is still referenced from table "order_items".] [n/a]; SQL [n/a]; constraint [fkbioxgbv59vetrxe0ejfubep1w]
[ERROR]   UserIntegrationTest.setUp:58 ╗ DataIntegrityViolation JDBC exception executing SQL [delete from orders o1_0] [ERROR: update or delete on table "orders" violates foreign key constraint "fkbioxgbv59vetrxe0ejfubep1w" on table "order_items"
  Detail: Key (id)=(c806ee13-1583-4c0c-9271-342107e453df) is still referenced from table "order_items".] [n/a]; SQL [n/a]; constraint [fkbioxgbv59vetrxe0ejfubep1w]
[INFO] 
[ERROR] Tests run: 4, Failures: 0, Errors: 4, Skipped: 0
[INFO] 
[INFO] ------------------------------------------------------------------------
[INFO] BUILD FAILURE
[INFO] ------------------------------------------------------------------------
[INFO] Total time:  36.472 s
[INFO] Finished at: 2026-01-15T14:42:29+07:00
[INFO] ------------------------------------------------------------------------
[ERROR] Failed to execute goal org.apache.maven.plugins:maven-surefire-plugin:3.5.4:test (default-test) on project backend: 
[ERROR] 
[ERROR] See E:\Tran Quang Hung\Class Prj\BKPlatformVip-Serious-Final-Product\BKPlatformVip-Serious-Final-Product\backend\target\surefire-reports for the individual test results.
[ERROR] See dump files (if any exist) [date].dump, [date]-jvmRun[N].dump and [date].dumpstream.
[ERROR] -> [Help 1]
[ERROR] 
[ERROR] To see the full stack trace of the errors, re-run Maven with the -e switch.
[ERROR] Re-run Maven using the -X switch to enable full debug logging.
[ERROR] 
[ERROR] For more information about the errors and possible solutions, please read the following articles:
[ERROR] [Help 1] http://cwiki.apache.org/confluence/display/MAVEN/MojoFailureException
